Copyright 1986-2022 Xilinx, Inc. All Rights Reserved.
--------------------------------------------------------------------------------------------------------------------------------------------------------------------------------------------------------
| Tool Version : Vivado v.2022.2 (lin64) Build 3671981 Fri Oct 14 04:59:54 MDT 2022
| Date         : Tue Feb 28 09:09:53 2023
| Host         : user-HP-EliteBook-840-G2 running 64-bit Ubuntu 22.04.1 LTS
| Command      : report_methodology -file design_wrapper_wrapper_methodology_drc_routed.rpt -pb design_wrapper_wrapper_methodology_drc_routed.pb -rpx design_wrapper_wrapper_methodology_drc_routed.rpx
| Design       : design_wrapper_wrapper
| Device       : xc7z020clg400-1
| Speed File   : -1
| Design State : Fully Routed
--------------------------------------------------------------------------------------------------------------------------------------------------------------------------------------------------------

Report Methodology

Table of Contents
-----------------
1. REPORT SUMMARY
2. REPORT DETAILS

1. REPORT SUMMARY
-----------------
            Netlist: netlist
          Floorplan: design_1
      Design limits: <entire design considered>
             Max violations: <unlimited>
             Violations found: 51
+-----------+----------+--------------------------------+------------+
| Rule      | Severity | Description                    | Violations |
+-----------+----------+--------------------------------+------------+
| TIMING-20 | Warning  | Non-clocked latch              | 32         |
| TIMING-23 | Warning  | Combinational loop found       | 18         |
| LATCH-1   | Advisory | Existing latches in the design | 1          |
+-----------+----------+--------------------------------+------------+

2. REPORT DETAILS
-----------------
TIMING-20#1 Warning
Non-clocked latch  
The latch design_wrapper_i/imginfile_0/U0/send.n_line_reg[0] cannot be properly analyzed as its control pin design_wrapper_i/imginfile_0/U0/send.n_line_reg[0]/G is not reached by a timing clock
Related violations: <none>

TIMING-20#2 Warning
Non-clocked latch  
The latch design_wrapper_i/imginfile_0/U0/send.n_line_reg[10] cannot be properly analyzed as its control pin design_wrapper_i/imginfile_0/U0/send.n_line_reg[10]/G is not reached by a timing clock
Related violations: <none>

TIMING-20#3 Warning
Non-clocked latch  
The latch design_wrapper_i/imginfile_0/U0/send.n_line_reg[11] cannot be properly analyzed as its control pin design_wrapper_i/imginfile_0/U0/send.n_line_reg[11]/G is not reached by a timing clock
Related violations: <none>

TIMING-20#4 Warning
Non-clocked latch  
The latch design_wrapper_i/imginfile_0/U0/send.n_line_reg[12] cannot be properly analyzed as its control pin design_wrapper_i/imginfile_0/U0/send.n_line_reg[12]/G is not reached by a timing clock
Related violations: <none>

TIMING-20#5 Warning
Non-clocked latch  
The latch design_wrapper_i/imginfile_0/U0/send.n_line_reg[13] cannot be properly analyzed as its control pin design_wrapper_i/imginfile_0/U0/send.n_line_reg[13]/G is not reached by a timing clock
Related violations: <none>

TIMING-20#6 Warning
Non-clocked latch  
The latch design_wrapper_i/imginfile_0/U0/send.n_line_reg[14] cannot be properly analyzed as its control pin design_wrapper_i/imginfile_0/U0/send.n_line_reg[14]/G is not reached by a timing clock
Related violations: <none>

TIMING-20#7 Warning
Non-clocked latch  
The latch design_wrapper_i/imginfile_0/U0/send.n_line_reg[15] cannot be properly analyzed as its control pin design_wrapper_i/imginfile_0/U0/send.n_line_reg[15]/G is not reached by a timing clock
Related violations: <none>

TIMING-20#8 Warning
Non-clocked latch  
The latch design_wrapper_i/imginfile_0/U0/send.n_line_reg[16] cannot be properly analyzed as its control pin design_wrapper_i/imginfile_0/U0/send.n_line_reg[16]/G is not reached by a timing clock
Related violations: <none>

TIMING-20#9 Warning
Non-clocked latch  
The latch design_wrapper_i/imginfile_0/U0/send.n_line_reg[17] cannot be properly analyzed as its control pin design_wrapper_i/imginfile_0/U0/send.n_line_reg[17]/G is not reached by a timing clock
Related violations: <none>

TIMING-20#10 Warning
Non-clocked latch  
The latch design_wrapper_i/imginfile_0/U0/send.n_line_reg[18] cannot be properly analyzed as its control pin design_wrapper_i/imginfile_0/U0/send.n_line_reg[18]/G is not reached by a timing clock
Related violations: <none>

TIMING-20#11 Warning
Non-clocked latch  
The latch design_wrapper_i/imginfile_0/U0/send.n_line_reg[19] cannot be properly analyzed as its control pin design_wrapper_i/imginfile_0/U0/send.n_line_reg[19]/G is not reached by a timing clock
Related violations: <none>

TIMING-20#12 Warning
Non-clocked latch  
The latch design_wrapper_i/imginfile_0/U0/send.n_line_reg[1] cannot be properly analyzed as its control pin design_wrapper_i/imginfile_0/U0/send.n_line_reg[1]/G is not reached by a timing clock
Related violations: <none>

TIMING-20#13 Warning
Non-clocked latch  
The latch design_wrapper_i/imginfile_0/U0/send.n_line_reg[20] cannot be properly analyzed as its control pin design_wrapper_i/imginfile_0/U0/send.n_line_reg[20]/G is not reached by a timing clock
Related violations: <none>

TIMING-20#14 Warning
Non-clocked latch  
The latch design_wrapper_i/imginfile_0/U0/send.n_line_reg[21] cannot be properly analyzed as its control pin design_wrapper_i/imginfile_0/U0/send.n_line_reg[21]/G is not reached by a timing clock
Related violations: <none>

TIMING-20#15 Warning
Non-clocked latch  
The latch design_wrapper_i/imginfile_0/U0/send.n_line_reg[22] cannot be properly analyzed as its control pin design_wrapper_i/imginfile_0/U0/send.n_line_reg[22]/G is not reached by a timing clock
Related violations: <none>

TIMING-20#16 Warning
Non-clocked latch  
The latch design_wrapper_i/imginfile_0/U0/send.n_line_reg[23] cannot be properly analyzed as its control pin design_wrapper_i/imginfile_0/U0/send.n_line_reg[23]/G is not reached by a timing clock
Related violations: <none>

TIMING-20#17 Warning
Non-clocked latch  
The latch design_wrapper_i/imginfile_0/U0/send.n_line_reg[24] cannot be properly analyzed as its control pin design_wrapper_i/imginfile_0/U0/send.n_line_reg[24]/G is not reached by a timing clock
Related violations: <none>

TIMING-20#18 Warning
Non-clocked latch  
The latch design_wrapper_i/imginfile_0/U0/send.n_line_reg[25] cannot be properly analyzed as its control pin design_wrapper_i/imginfile_0/U0/send.n_line_reg[25]/G is not reached by a timing clock
Related violations: <none>

TIMING-20#19 Warning
Non-clocked latch  
The latch design_wrapper_i/imginfile_0/U0/send.n_line_reg[26] cannot be properly analyzed as its control pin design_wrapper_i/imginfile_0/U0/send.n_line_reg[26]/G is not reached by a timing clock
Related violations: <none>

TIMING-20#20 Warning
Non-clocked latch  
The latch design_wrapper_i/imginfile_0/U0/send.n_line_reg[27] cannot be properly analyzed as its control pin design_wrapper_i/imginfile_0/U0/send.n_line_reg[27]/G is not reached by a timing clock
Related violations: <none>

TIMING-20#21 Warning
Non-clocked latch  
The latch design_wrapper_i/imginfile_0/U0/send.n_line_reg[28] cannot be properly analyzed as its control pin design_wrapper_i/imginfile_0/U0/send.n_line_reg[28]/G is not reached by a timing clock
Related violations: <none>

TIMING-20#22 Warning
Non-clocked latch  
The latch design_wrapper_i/imginfile_0/U0/send.n_line_reg[29] cannot be properly analyzed as its control pin design_wrapper_i/imginfile_0/U0/send.n_line_reg[29]/G is not reached by a timing clock
Related violations: <none>

TIMING-20#23 Warning
Non-clocked latch  
The latch design_wrapper_i/imginfile_0/U0/send.n_line_reg[2] cannot be properly analyzed as its control pin design_wrapper_i/imginfile_0/U0/send.n_line_reg[2]/G is not reached by a timing clock
Related violations: <none>

TIMING-20#24 Warning
Non-clocked latch  
The latch design_wrapper_i/imginfile_0/U0/send.n_line_reg[30] cannot be properly analyzed as its control pin design_wrapper_i/imginfile_0/U0/send.n_line_reg[30]/G is not reached by a timing clock
Related violations: <none>

TIMING-20#25 Warning
Non-clocked latch  
The latch design_wrapper_i/imginfile_0/U0/send.n_line_reg[31] cannot be properly analyzed as its control pin design_wrapper_i/imginfile_0/U0/send.n_line_reg[31]/G is not reached by a timing clock
Related violations: <none>

TIMING-20#26 Warning
Non-clocked latch  
The latch design_wrapper_i/imginfile_0/U0/send.n_line_reg[3] cannot be properly analyzed as its control pin design_wrapper_i/imginfile_0/U0/send.n_line_reg[3]/G is not reached by a timing clock
Related violations: <none>

TIMING-20#27 Warning
Non-clocked latch  
The latch design_wrapper_i/imginfile_0/U0/send.n_line_reg[4] cannot be properly analyzed as its control pin design_wrapper_i/imginfile_0/U0/send.n_line_reg[4]/G is not reached by a timing clock
Related violations: <none>

TIMING-20#28 Warning
Non-clocked latch  
The latch design_wrapper_i/imginfile_0/U0/send.n_line_reg[5] cannot be properly analyzed as its control pin design_wrapper_i/imginfile_0/U0/send.n_line_reg[5]/G is not reached by a timing clock
Related violations: <none>

TIMING-20#29 Warning
Non-clocked latch  
The latch design_wrapper_i/imginfile_0/U0/send.n_line_reg[6] cannot be properly analyzed as its control pin design_wrapper_i/imginfile_0/U0/send.n_line_reg[6]/G is not reached by a timing clock
Related violations: <none>

TIMING-20#30 Warning
Non-clocked latch  
The latch design_wrapper_i/imginfile_0/U0/send.n_line_reg[7] cannot be properly analyzed as its control pin design_wrapper_i/imginfile_0/U0/send.n_line_reg[7]/G is not reached by a timing clock
Related violations: <none>

TIMING-20#31 Warning
Non-clocked latch  
The latch design_wrapper_i/imginfile_0/U0/send.n_line_reg[8] cannot be properly analyzed as its control pin design_wrapper_i/imginfile_0/U0/send.n_line_reg[8]/G is not reached by a timing clock
Related violations: <none>

TIMING-20#32 Warning
Non-clocked latch  
The latch design_wrapper_i/imginfile_0/U0/send.n_line_reg[9] cannot be properly analyzed as its control pin design_wrapper_i/imginfile_0/U0/send.n_line_reg[9]/G is not reached by a timing clock
Related violations: <none>

TIMING-23#1 Warning
Combinational loop found  
A timing loop has been detected on a combinational path. A timing arc has been disabled between design_wrapper_i/imginfile_0/U0/n_pixel1_carry/S[1] and design_wrapper_i/imginfile_0/U0/n_pixel1_carry/CO[3] to disable the timing loop
Related violations: <none>

TIMING-23#2 Warning
Combinational loop found  
A timing loop has been detected on a combinational path. A timing arc has been disabled between design_wrapper_i/imginfile_0/U0/n_pixel1_carry_i_5__1/S[0] and design_wrapper_i/imginfile_0/U0/n_pixel1_carry_i_5__1/O[0] to disable the timing loop
Related violations: <none>

TIMING-23#3 Warning
Combinational loop found  
A timing loop has been detected on a combinational path. A timing arc has been disabled between design_wrapper_i/imginfile_0/U0/n_pixel1_carry_i_5__1/S[2] and design_wrapper_i/imginfile_0/U0/n_pixel1_carry_i_5__1/O[2] to disable the timing loop
Related violations: <none>

TIMING-23#4 Warning
Combinational loop found  
A timing loop has been detected on a combinational path. A timing arc has been disabled between design_wrapper_i/imginfile_0/U0/n_pixel1_carry_i_5__2/S[0] and design_wrapper_i/imginfile_0/U0/n_pixel1_carry_i_5__2/O[0] to disable the timing loop
Related violations: <none>

TIMING-23#5 Warning
Combinational loop found  
A timing loop has been detected on a combinational path. A timing arc has been disabled between design_wrapper_i/imginfile_0/U0/n_pixel1_carry_i_5__2/S[2] and design_wrapper_i/imginfile_0/U0/n_pixel1_carry_i_5__2/O[2] to disable the timing loop
Related violations: <none>

TIMING-23#6 Warning
Combinational loop found  
A timing loop has been detected on a combinational path. A timing arc has been disabled between design_wrapper_i/imginfile_0/U0/n_pixel1_carry_i_6__0/S[0] and design_wrapper_i/imginfile_0/U0/n_pixel1_carry_i_6__0/O[0] to disable the timing loop
Related violations: <none>

TIMING-23#7 Warning
Combinational loop found  
A timing loop has been detected on a combinational path. A timing arc has been disabled between design_wrapper_i/imginfile_0/U0/n_pixel1_carry_i_6__0/S[2] and design_wrapper_i/imginfile_0/U0/n_pixel1_carry_i_6__0/O[2] to disable the timing loop
Related violations: <none>

TIMING-23#8 Warning
Combinational loop found  
A timing loop has been detected on a combinational path. A timing arc has been disabled between design_wrapper_i/imginfile_0/U0/n_pixel1_carry_i_6__1/S[0] and design_wrapper_i/imginfile_0/U0/n_pixel1_carry_i_6__1/O[0] to disable the timing loop
Related violations: <none>

TIMING-23#9 Warning
Combinational loop found  
A timing loop has been detected on a combinational path. A timing arc has been disabled between design_wrapper_i/imginfile_0/U0/n_pixel1_carry_i_6__1/S[2] and design_wrapper_i/imginfile_0/U0/n_pixel1_carry_i_6__1/O[2] to disable the timing loop
Related violations: <none>

TIMING-23#10 Warning
Combinational loop found  
A timing loop has been detected on a combinational path. A timing arc has been disabled between design_wrapper_i/imginfile_0/U0/n_pixel1_carry_i_6__2/S[0] and design_wrapper_i/imginfile_0/U0/n_pixel1_carry_i_6__2/O[0] to disable the timing loop
Related violations: <none>

TIMING-23#11 Warning
Combinational loop found  
A timing loop has been detected on a combinational path. A timing arc has been disabled between design_wrapper_i/imginfile_0/U0/n_pixel1_carry_i_6__2/S[2] and design_wrapper_i/imginfile_0/U0/n_pixel1_carry_i_6__2/O[2] to disable the timing loop
Related violations: <none>

TIMING-23#12 Warning
Combinational loop found  
A timing loop has been detected on a combinational path. A timing arc has been disabled between design_wrapper_i/imginfile_0/U0/n_pixel1_carry_i_7__1/S[0] and design_wrapper_i/imginfile_0/U0/n_pixel1_carry_i_7__1/O[0] to disable the timing loop
Related violations: <none>

TIMING-23#13 Warning
Combinational loop found  
A timing loop has been detected on a combinational path. A timing arc has been disabled between design_wrapper_i/imginfile_0/U0/n_pixel1_carry_i_7__1/S[1] and design_wrapper_i/imginfile_0/U0/n_pixel1_carry_i_7__1/O[1] to disable the timing loop
Related violations: <none>

TIMING-23#14 Warning
Combinational loop found  
A timing loop has been detected on a combinational path. A timing arc has been disabled between design_wrapper_i/imginfile_0/U0/n_pixel1_carry_i_7__1/S[2] and design_wrapper_i/imginfile_0/U0/n_pixel1_carry_i_7__1/O[2] to disable the timing loop
Related violations: <none>

TIMING-23#15 Warning
Combinational loop found  
A timing loop has been detected on a combinational path. A timing arc has been disabled between design_wrapper_i/imginfile_0/U0/n_pixel1_carry_i_7__2/S[0] and design_wrapper_i/imginfile_0/U0/n_pixel1_carry_i_7__2/O[0] to disable the timing loop
Related violations: <none>

TIMING-23#16 Warning
Combinational loop found  
A timing loop has been detected on a combinational path. A timing arc has been disabled between design_wrapper_i/imginfile_0/U0/n_pixel1_carry_i_7__2/S[2] and design_wrapper_i/imginfile_0/U0/n_pixel1_carry_i_7__2/O[2] to disable the timing loop
Related violations: <none>

TIMING-23#17 Warning
Combinational loop found  
A timing loop has been detected on a combinational path. A timing arc has been disabled between design_wrapper_i/imginfile_0/U0/pixel_INST_0_i_17/I1 and design_wrapper_i/imginfile_0/U0/pixel_INST_0_i_17/O to disable the timing loop
Related violations: <none>

TIMING-23#18 Warning
Combinational loop found  
A timing loop has been detected on a combinational path. A timing arc has been disabled between design_wrapper_i/imginfile_0/U0/pixel_INST_0_i_8/S[2] and design_wrapper_i/imginfile_0/U0/pixel_INST_0_i_8/O[2] to disable the timing loop
Related violations: <none>

LATCH-1#1 Advisory
Existing latches in the design  
There are 32 latches found in the design. Inferred latches are often the result of HDL coding mistakes, such as incomplete if or case statements.
Related violations: <none>


